[atsengg.com/index.html]
[backblue.gif]
[fade.gif]
[index.html]
[atsengg.com/xmlrpc.php]
[atsengg.com/wp-content/uploads/2023/05/ATS_Favicon.png]
[atsengg.com/feed/index.html]
[atsengg.com/comments/feed/index.html]
[atsengg.com/wp-content/uploads/2023/05/Logo_ATS-.png]
[atsengg.com/wp-content/uploads/elementor/css/custom-frontend.min7c98.css]
[atsengg.com/wp-content/plugins/essential-addons-for-elementor-lite/assets/front-end/css/view/general.mindc35.css]
[atsengg.com/wp-content/uploads/essential-addons-elementor/eael-7230bdf7.css]
[atsengg.com/wp-content/plugins/awesome-support/assets/admin/css/vendor/magnific-popupf731.css]
[atsengg.com/wp-content/plugins/awesome-support/assets/admin/css/admin-popupf731.css]
[atsengg.com/wp-content/plugins/chaty/css/chaty-front.minf224.css]
[atsengg.com/wp-content/plugins/erp/modules/crm/assets/css/erp-subscription-form95a1.css]
[atsengg.com/wp-content/plugins/widget-options/assets/css/widget-options.css]
[atsengg.com/wp-content/plugins/wp-job-openings/assets/css/general.min9bf7.css]
[atsengg.com/wp-content/plugins/wp-job-openings/assets/css/style.min9bf7.css]
[atsengg.com/wp-content/uploads/maxmegamenu/stylecaab.css]
[atsengg.com/wp-content/uploads/essential-addons-elementor/eael-6532bdf7.css]
[atsengg.com/wp-includes/css/dashicons.min4118.css]
[atsengg.com/wp-content/plugins/elementor/assets/lib/eicons/css/elementor-icons.mind54b.css]
[atsengg.com/wp-content/plugins/essential-addons-for-elementor-lite/assets/admin/images/templately/logo-icon.svg]
[atsengg.com/wp-content/plugins/elementor/assets/lib/swiper/v8/css/swiper.min94a4.css]
[atsengg.com/wp-content/uploads/elementor/css/post-22377c98.css]
[atsengg.com/wp-content/plugins/sticky-header-effects-for-elementor/assets/css/she-header-stylea242.css]
[atsengg.com/wp-content/uploads/elementor/css/custom-pro-frontend.min7c98.css]
[atsengg.com/wp-content/uploads/elementor/css/global3c45.css]
[atsengg.com/wp-content/uploads/elementor/css/post-7230708b.css]
[atsengg.com/wp-content/uploads/elementor/css/post-6802f1cf.css]
[atsengg.com/wp-content/uploads/porto_styles/theme_css_varscaaa.css]
[atsengg.com/wp-content/uploads/porto_styles/bootstrapcaaa.css]
[atsengg.com/wp-content/themes/porto/css/pluginscaaa.css]
[atsengg.com/wp-content/themes/porto/css/themecaaa.css]
[atsengg.com/wp-content/themes/porto/css/theme_portfoliocaaa.css]
[atsengg.com/wp-content/uploads/porto_styles/shortcodescaaa.css]
[atsengg.com/wp-content/themes/porto/css/theme_elementorcaaa.css]
[atsengg.com/wp-content/themes/porto/css/theme_radiuscaaa.css]
[atsengg.com/wp-content/uploads/porto_styles/dynamic_stylecaaa.css]
[atsengg.com/wp-content/plugins/porto-functionality/builders/assets/type-builder677a.css]
[atsengg.com/wp-content/uploads/elementor/css/post-65323258.css]
[atsengg.com/wp-content/themes/porto/stylecaaa.css]
[atsengg.com/wp-content/plugins/elementor/assets/lib/font-awesome/css/fontawesome.min52d5.css]
[atsengg.com/wp-content/plugins/elementor/assets/lib/font-awesome/css/regular.min52d5.css]
[atsengg.com/wp-content/plugins/elementor/assets/lib/font-awesome/css/solid.min52d5.css]
[atsengg.com/wp-content/plugins/elementor/assets/lib/font-awesome/css/brands.min52d5.css]
[atsengg.com/wp-includes/js/jquery/jquery.min5aed.js]
[atsengg.com/wp-includes/js/jquery/jquery-migrate.min6b00.js]
[atsengg.com/wp-content/plugins/awesome-support/assets/admin/js/vendor/jquery.magnific-popup.minf731.js]
[atsengg.com/wp-content/plugins/awesome-support/assets/admin/js/admin-popupf731.js]
[atsengg.com/wp-content/plugins/sticky-menu-or-anything-on-scroll/assets/js/jq-sticky-anything.mine1fc.js]
[atsengg.com/wp-content/plugins/sticky-header-effects-for-elementor/assets/js/she-headera242.js]
[atsengg.com/wp-json/index.html]
[atsengg.com/wp-json/wp/v2/pages/6532.json]
[atsengg.com/xmlrpc0db0.php]
[atsengg.com/wp-includes/wlwmanifest.xml]
[atsengg.com/wp-json/oembed/1.0/embed40b7.json]
[atsengg.com/wp-json/oembed/1.0/embed5227]
[atsengg.com/wp-content/themes/porto/js/libs/webfont.js]
[atsengg.com/wp-content/uploads/2021/01/ss-1.jpg]
[atsengg.com/wp-content/uploads/2024/12/ATS-Solar.jpg]
[atsengg.com/wp-content/uploads/elementor/thumbs/ATS-Logo-q69sf8t2vkw6tvromq1ixx3i53barwjq9kyw94frb4.png]
[atsengg.com/wp-content/uploads/elementor/thumbs/FerroTek-Engg-Logo-q69sg7l3wg7oo4wb4fc8ar5k1kv1fizk7o0alrp79c.png]
[atsengg.com/wp-content/uploads/2023/05/ATS-Logo.png]
[atsengg.com/wp-content/plugins/revslider/public/assets/assets/dummy.png]
[atsengg.com/solar-solutions/index.html]
[atsengg.com/wp-content/plugins/unlimited-elements-for-elementor-premium/assets_libraries/font-awesome5/css/fontawesome-all.min.css]
[atsengg.com/lithium-batteries/index.html]
[atsengg.com/wp-content/plugins/unlimited-elements-for-elementor-premium/assets_libraries/font-awesome5/css/fontawesome-v4-shims.css]
[atsengg.com/about-us/index.html]
[atsengg.com/fabrications/index.html]
[atsengg.com/wp-content/uploads/2021/08/atsengg.jpg]
[atsengg.com/downloads/index.html]
[atsengg.com/faqs/index.html]
[atsengg.com/complaints/index.html]
[atsengg.com/quote/index.html]
[atsengg.com/contact-us/index.html]
[atsengg.com/wp-content/uploads/2020/12/f61.jpg]
[atsengg.com/projects/index.html]
[atsengg.com/wp-content/uploads/2024/05/IDF1.jpg]
[atsengg.com/terms-and-condition/index.html]
[atsengg.com/privacy-policy/index.html]
[atsengg.com/wp-content/uploads/2020/12/gizlogo-standard-rgb-72.jpg]
[atsengg.com/testimonials/index.html]
[atsengg.com/wp-content/uploads/2020/11/index.png]
[atsengg.com/wp-content/uploads/2020/11/100487.jpg]
[atsengg.com/site-map/index.html]
[atsengg.com/wp-content/uploads/2020/11/fata-another-logo.png]
[atsengg.com/wp-content/uploads/2020/11/kh.jpg]
[atsengg.com/wp-content/uploads/2020/11/mak.jpg]
[atsengg.com/wp-content/uploads/2020/11/nestle.png]
[atsengg.com/industrial-fans/index.html]
[atsengg.com/wp-content/uploads/2020/11/OGDCL1-640x480-1.jpg]
[atsengg.com/wp-content/uploads/2020/11/pc.jpg]
[atsengg.com/wp-content/uploads/2020/11/lakson.png]
[atsengg.com/wp-content/uploads/2021/10/Picture17.png]
[atsengg.com/wp-content/uploads/2021/10/Picture24.png]
[atsengg.com/wp-content/uploads/2021/10/Picture23.png]
[atsengg.com/wp-content/uploads/2021/10/Picture22.png]
[atsengg.com/wp-content/uploads/2021/10/Picture10.png]
[atsengg.com/wp-content/uploads/2021/10/Picture12.png]
[atsengg.com/wp-content/uploads/2021/10/Picture4.png]
[atsengg.com/wp-content/uploads/2021/10/Picture19.png]
[atsengg.com/wp-content/uploads/2021/10/Picture7.png]
[atsengg.com/wp-content/uploads/2021/10/Picture21.png]
[atsengg.com/wp-content/uploads/2021/10/Picture18.png]
[atsengg.com/wp-content/uploads/2021/10/Picture15.png]
[atsengg.com/wp-content/uploads/2021/10/Picture6.png]
[atsengg.com/wp-content/uploads/2021/10/Picture14.png]
[atsengg.com/wp-content/uploads/2021/10/Picture16.png]
[atsengg.com/wp-content/uploads/2021/10/Picture3.png]
[atsengg.com/wp-content/uploads/2021/10/Picture8.png]
[atsengg.com/wp-content/uploads/2021/10/Picture9.png]
[atsengg.com/wp-content/uploads/2021/10/Picture5.png]
[atsengg.com/wp-content/plugins/porto-functionality/shortcodes/assets/js/countup.min.js]
[atsengg.com/wp-content/plugins/porto-functionality/shortcodes/assets/js/countup-loader.min.js]
[atsengg.com/https_/atsengg.com/wp-content/uploads/2025/01/Ecofy-Logo-PNG.png]
[atsengg.com/https_/atsengg.com/wp-content/uploads/2024/12/ind.png]
[atsengg.com/https_/atsengg.com/wp-content/uploads/2024/12/ftk.png]
[atsengg.com/https_/atsengg.com/wp-content/uploads/2024/12/stylo.png]
[atsengg.com/https_/atsengg.com/wp-content/uploads/2024/12/go.png]
[atsengg.com/wp-content/uploads/2023/04/FerroTek-Engg-Logo-WHITE-1.png]
[atsengg.com/wp-content/uploads/trustindex-google-widgetfa88.css]
[atsengg.com/wp-content/plugins/elementor/assets/lib/animations/animations.min3cad.css]
[atsengg.com/apply-for-jobs/index.html]
[atsengg.com/wp-content/uploads/elementor/css/post-674293b7.css]
[atsengg.com/refund-exchange-policy/index.html]
[atsengg.com/wp-content/plugins/wp-google-map-plugin/assets/css/frontend4118.css]
[atsengg.com/net-metering/index.html]
[atsengg.com/group-of-companies/index.html]
[atsengg.com/wp-content/plugins/wp-google-map-plugin/templates/infowindow/basic/basic4118.css]
[atsengg.com/wp-content/plugins/smio-push-notification/css/tooltipster.bundle.mina350.css]
[atsengg.com/wp-content/plugins/revslider/public/assets/css/rs6847e.css]
[atsengg.com/wp-content/plugins/essential-addons-for-elementor-lite/assets/front-end/js/view/general.mindc35.js]
[atsengg.com/wp-content/uploads/essential-addons-elementor/eael-7230bdf7.js]
[atsengg.com/wp-content/plugins/erp/modules/crm/assets/js/erp-subscription-form95a1.js]
[atsengg.com/wp-content/plugins/chaty/js/cht-front-script.minf224.js]
[atsengg.com/wp-content/plugins/sticky-menu-or-anything-on-scroll/assets/js/stickThise1fc.js]
[atsengg.com/wp-content/plugins/wp-job-openings/assets/js/script.min9bf7.js]
[atsengg.com/wp-content/plugins/revslider/public/assets/js/rbtools.min847e.js]
[atsengg.com/wp-content/plugins/smio-push-notification/js/frontenda350.js]
[atsengg.com/wp-includes/js/hoverIntent.min3e5a.js]
[atsengg.com/wp-content/plugins/megamenu/js/maxmegamenu3d36.js]
[atsengg.com/wp-content/themes/porto/js/libs/jquery.cookie.min330a.js]
[atsengg.com/wp-content/themes/porto/js/libs/owl.carousel.min531b.js]
[atsengg.com/wp-includes/js/imagesloaded.mineda1.js]
[atsengg.com/wp-content/themes/porto/js/libs/jquery.magnific-popup.minf488.js]
[atsengg.com/wp-content/themes/porto/js/theme.mincaaa.js]
[atsengg.com/wp-content/themes/porto/js/post-ajax-modal.mincaaa.js]
[atsengg.com/wp-content/plugins/revslider/public/assets/js/rs6.min847e.js]
[atsengg.com/wp-content/themes/porto/js/theme-async.mincaaa.js]
[atsengg.com/wp-content/themes/porto/js/portfolio-async.mincaaa.js]
[atsengg.com/wp-content/plugins/elementor-pro/assets/lib/smartmenus/jquery.smartmenus.min1576.js]
[cdn.trustindex.io/loader4118.js]
[atsengg.com/wp-content/plugins/porto-functionality/shortcodes/assets/js/countup.min677a.js]
[atsengg.com/wp-content/plugins/porto-functionality/shortcodes/assets/js/countup-loader.min677a.js]
[atsengg.com/wp-content/plugins/wp-google-map-plugin/assets/js/maps89df.js]
[atsengg.com/wp-content/plugins/gtranslate/js/dwf4118.js]
[atsengg.com/wp-content/plugins/wp-google-map-plugin/assets/js/minified/wpgmp_frontend.min89df.js]
[atsengg.com/wp-content/plugins/smio-push-notification/js/tooltipster.bundle.mina350.js]
[atsengg.com/wp-content/plugins/smio-push-notification/js/frontend_webpusha350.js]
[atsengg.com/wp-content/plugins/elementor-pro/assets/js/webpack-pro.runtime.mince8e.js]
[atsengg.com/wp-content/plugins/elementor/assets/js/webpack.runtime.min3cad.js]
[atsengg.com/wp-content/plugins/elementor/assets/js/frontend-modules.min3cad.js]
[atsengg.com/wp-includes/js/dist/vendor/wp-polyfill-inert.min0226.js]
[atsengg.com/wp-includes/js/dist/vendor/regenerator-runtime.min8fa4.js]
[atsengg.com/wp-includes/js/dist/vendor/wp-polyfill.min2c7c.js]
[atsengg.com/wp-includes/js/dist/hooks.min6c65.js]
[atsengg.com/wp-includes/js/dist/i18n.mine57b.js]
[atsengg.com/wp-content/plugins/elementor-pro/assets/js/frontend.mince8e.js]
[atsengg.com/wp-content/plugins/elementor/assets/lib/waypoints/waypoints.min05da.js]
[atsengg.com/wp-includes/js/jquery/ui/core.min3f14.js]
[atsengg.com/wp-content/plugins/elementor/assets/js/frontend.min3cad.js]
[atsengg.com/wp-content/plugins/elementor-pro/assets/js/elements-handlers.mince8e.js]
[atsengg.com/wp-content/plugins/elementor-pro/assets/lib/sticky/jquery.sticky.mince8e.js]
[atsengg.com/wp-includes/js/underscore.mind584.js]
[atsengg.com/wp-includes/js/wp-util.min4118.js]
[atsengg.com/wp-content/plugins/wpforms-lite/assets/js/integrations/elementor/frontend.min8cb8.js]
[atsengg.com/index.html]
[atsengg.com/xmlrpc.php]
[atsengg.com/wp-content/uploads/elementor/css/custom-frontend.min7c98.css]
[atsengg.com/wp-content/plugins/essential-addons-for-elementor-lite/assets/front-end/css/view/general.mindc35.css]
[atsengg.com/wp-content/uploads/essential-addons-elementor/eael-7230bdf7.css]
[atsengg.com/wp-content/plugins/awesome-support/assets/admin/css/vendor/magnific-popupf731.css]
[atsengg.com/wp-content/plugins/awesome-support/assets/admin/css/admin-popupf731.css]
[atsengg.com/wp-includes/css/classic-themes.min4118.css]
[atsengg.com/wp-content/plugins/chaty/images/whatsapp.png]
[atsengg.com/wp-content/plugins/chaty/images/whatsapp-welcome-popup.png]
[atsengg.com/wp-content/plugins/chaty/images/header-top.png]
[atsengg.com/wp-content/plugins/chaty/images/header-bottom.png]
[atsengg.com/wp-content/plugins/chaty/css/chaty-front.minf224.css]
[atsengg.com/wp-content/plugins/erp/modules/crm/assets/css/erp-subscription-form95a1.css]
[atsengg.com/wp-content/plugins/widget-options/assets/css/widget-options.css]
[atsengg.com/wp-content/plugins/wp-job-openings/assets/fonts/awsm-jobs-icomoon062a.eot]
[atsengg.com/wp-content/plugins/wp-job-openings/assets/fonts/awsm-jobs-icomoon062a.ttf]
[atsengg.com/wp-content/plugins/wp-job-openings/assets/fonts/awsm-jobs-icomoon062a.woff]
[atsengg.com/wp-content/plugins/wp-job-openings/assets/css/general.min9bf7.css]
[atsengg.com/wp-content/plugins/wp-job-openings/assets/fonts/awsm-jobs-icomoon062a.svg]
[atsengg.com/wp-content/plugins/wp-job-openings/assets/img/loading.svg]
[atsengg.com/wp-content/plugins/wp-job-openings/assets/css/style.min9bf7.css]
[atsengg.com/wp-content/uploads/maxmegamenu/stylecaab.css]
[atsengg.com/wp-includes/fonts/dashicons7d4b.eot]
[atsengg.com/wp-includes/fonts/dashicons7d4b.ttf]
[atsengg.com/wp-includes/css/dashicons.min4118.css]
[atsengg.com/wp-content/uploads/essential-addons-elementor/eael-6532bdf7.css]
[atsengg.com/wp-content/plugins/elementor/assets/lib/eicons/fonts/eicons8016.eot]
[atsengg.com/wp-content/plugins/elementor/assets/lib/eicons/fonts/eicons8016.woff2]
[atsengg.com/wp-content/plugins/elementor/assets/lib/eicons/fonts/eicons8016.woff]
[atsengg.com/wp-content/plugins/elementor/assets/lib/eicons/fonts/eicons8016.ttf]
[atsengg.com/wp-content/plugins/elementor/assets/lib/eicons/css/elementor-icons.mind54b.css]
[atsengg.com/wp-content/plugins/essential-addons-for-elementor-lite/assets/admin/images/templately/logo-icon.svg]
[atsengg.com/wp-content/plugins/elementor/assets/lib/swiper/v8/css/swiper.min94a4.css]
[atsengg.com/wp-content/uploads/elementor/css/post-22377c98.css]
[atsengg.com/wp-content/uploads/elementor/css/custom-pro-frontend.min7c98.css]
[atsengg.com/wp-content/plugins/sticky-header-effects-for-elementor/assets/css/she-header-stylea242.css]
[atsengg.com/wp-content/uploads/elementor/css/global3c45.css]
[atsengg.com/wp-content/uploads/elementor/css/post-7230708b.css]
[atsengg.com/wp-content/uploads/elementor/css/post-6802f1cf.css]
[atsengg.com/wp-content/uploads/porto_styles/theme_css_varscaaa.css]
[atsengg.com/wp-content/uploads/porto_styles/bootstrapcaaa.css]
[atsengg.com/wp-content/themes/porto/fonts/fontawesome/fa-brands-400.woff2]
[atsengg.com/wp-content/themes/porto/fonts/fontawesome/fa-brands-400.ttf]
[atsengg.com/wp-content/plugins/elementor/assets/lib/eicons/fonts/eicons8016.svg]
[atsengg.com/wp-content/themes/porto/fonts/fontawesome/fa-solid-900.woff2]
[atsengg.com/wp-content/themes/porto/css/images/fancybox_sprite.png]
[atsengg.com/wp-content/themes/porto/css/images/fancybox_loading.gif]
[atsengg.com/wp-content/themes/porto/css/images/fancybox_sprite@2x.png]
[atsengg.com/wp-content/themes/porto/css/images/fancybox_loading@2x.gif]
[atsengg.com/wp-content/themes/porto/fonts/Simple-Line-Icons/Simple-Line-Iconsd41d.eot]
[atsengg.com/wp-content/themes/porto/fonts/Simple-Line-Icons/Simple-Line-Icons.ttf]
[atsengg.com/wp-content/themes/porto/fonts/porto-font/porto.eot]
[atsengg.com/wp-content/themes/porto/fonts/porto-font/porto.woff2]
[atsengg.com/wp-content/themes/porto/fonts/porto-font/porto.woff]
[atsengg.com/wp-content/themes/porto/fonts/Simple-Line-Icons/Simple-Line-Icons.svg]
[atsengg.com/wp-content/themes/porto/fonts/porto-font/porto.ttf]
[atsengg.com/wp-content/themes/porto/css/pluginscaaa.css]
[atsengg.com/wp-content/themes/porto/images/select-bg.svg]
[atsengg.com/wp-content/themes/porto/fonts/porto-font/porto.svg]
[atsengg.com/wp-content/themes/porto/images/flags.png]
[atsengg.com/wp-content/themes/porto/images/curved-border.svg]
[atsengg.com/wp-content/themes/porto/images/patterns/worn_dots.png]
[atsengg.com/wp-content/themes/porto/images/patterns/az_subtle.png]
[atsengg.com/wp-content/themes/porto/images/ajax-loader@2x.gif]
[atsengg.com/wp-content/themes/porto/images/video-overlay.png]
[atsengg.com/wp-content/themes/porto/images/pencil-blue-line.png]
[atsengg.com/wp-content/themes/porto/images/payment-stripe.png]
[atsengg.com/wp-content/themes/porto/css/themecaaa.css]
[atsengg.com/wp-content/themes/porto/css/theme_portfoliocaaa.css]
[atsengg.com/wp-content/themes/porto/images/concept.png]
[atsengg.com/wp-content/uploads/porto_styles/shortcodescaaa.css]
[atsengg.com/wp-content/themes/porto/css/theme_elementorcaaa.css]
[atsengg.com/wp-content/themes/porto/css/theme_radiuscaaa.css]
[atsengg.com/wp-content/themes/porto/images/arrows.png]
[atsengg.com/wp-content/uploads/porto_styles/dynamic_stylecaaa.css]
[atsengg.com/wp-content/plugins/porto-functionality/builders/assets/type-builder677a.css]
[atsengg.com/wp-content/uploads/2024/12/1-240930145GbM-2.png]
[atsengg.com/wp-content/uploads/elementor/css/post-65323258.css]
[atsengg.com/wp-content/themes/porto/stylecaaa.css]
[atsengg.com/wp-content/plugins/elementor/assets/lib/font-awesome/css/fontawesome.min52d5.css]
[atsengg.com/wp-content/plugins/elementor/assets/lib/font-awesome/webfonts/fa-regular-400.eot]
[atsengg.com/wp-content/plugins/elementor/assets/lib/font-awesome/webfonts/fa-regular-400.woff2]
[atsengg.com/wp-content/plugins/elementor/assets/lib/font-awesome/webfonts/fa-regular-400.woff]
[atsengg.com/wp-content/plugins/elementor/assets/lib/font-awesome/webfonts/fa-regular-400.ttf]
[atsengg.com/wp-content/plugins/elementor/assets/lib/font-awesome/css/regular.min52d5.css]
[atsengg.com/wp-content/plugins/elementor/assets/lib/font-awesome/webfonts/fa-solid-900.eot]
[atsengg.com/wp-content/plugins/elementor/assets/lib/font-awesome/webfonts/fa-regular-400.svg]
[atsengg.com/wp-content/plugins/elementor/assets/lib/font-awesome/webfonts/fa-solid-900d41d.eot]
[atsengg.com/wp-content/plugins/elementor/assets/lib/font-awesome/webfonts/fa-solid-900.woff2]
[atsengg.com/wp-content/plugins/elementor/assets/lib/font-awesome/webfonts/fa-solid-900.woff]
[atsengg.com/wp-content/plugins/elementor/assets/lib/font-awesome/webfonts/fa-solid-900.ttf]
[atsengg.com/wp-content/plugins/elementor/assets/lib/font-awesome/css/solid.min52d5.css]
[atsengg.com/wp-content/plugins/elementor/assets/lib/font-awesome/webfonts/fa-brands-400.eot]
[atsengg.com/wp-content/plugins/elementor/assets/lib/font-awesome/webfonts/fa-brands-400d41d.eot]
[atsengg.com/wp-content/plugins/elementor/assets/lib/font-awesome/webfonts/fa-brands-400.woff2]
[atsengg.com/wp-content/plugins/elementor/assets/lib/font-awesome/webfonts/fa-solid-900.svg]
[atsengg.com/wp-content/plugins/elementor/assets/lib/font-awesome/webfonts/fa-brands-400.woff]
[atsengg.com/wp-content/plugins/elementor/assets/lib/font-awesome/webfonts/fa-brands-400.ttf]
[atsengg.com/wp-content/plugins/elementor/assets/lib/font-awesome/css/brands.min52d5.css]
[atsengg.com/wp-content/uploads/essential-addons-elementor/eael-72301eb9.css]
[atsengg.com/wp-content/uploads/elementor/css/post-2408cd74.css]
[atsengg.com/wp-content/plugins/elementor/assets/lib/font-awesome/webfonts/fa-brands-400.svg]
[atsengg.com/wp-json/wp/v2/pages/2408.json]
[atsengg.com/wp-json/oembed/1.0/embeda503.json]
[atsengg.com/wp-json/oembed/1.0/embedd7f2]
[atsengg.com/wp-content/uploads/2020/12/Untitled-1.jpg]
[atsengg.com/wp-content/uploads/2020/12/Untitled-2.jpg]
[atsengg.com/wp-content/uploads/2020/12/Untitled-3.jpg]
[atsengg.com/wp-content/uploads/2020/12/Untitled-4.jpg]
[atsengg.com/wp-content/uploads/2020/12/b2.jpg]
[atsengg.com/wp-content/uploads/2020/12/Untitled-7.jpg]
[atsengg.com/wp-content/uploads/2020/12/12.jpg]
[atsengg.com/wp-content/uploads/2020/12/13.jpg]
[atsengg.com/wp-content/uploads/2020/12/7.jpg]
[atsengg.com/wp-content/uploads/2020/12/download-7.jpg]
[atsengg.com/wp-content/uploads/2020/12/download-8.jpg]
[atsengg.com/wp-content/uploads/2020/12/Untitled-13.jpg]
[cdnjs.cloudflare.com/ajax/libs/font-awesome/4.7.0/css/font-awesome.min.css]
[atsengg.com/wp-content/uploads/essential-addons-elementor/eael-72301eb9.js]
[atsengg.com/solar-solutions/index.html]
[atsengg.com/wp-content/uploads/essential-addons-elementor/eael-723052ff.css]
[atsengg.com/wp-content/uploads/elementor/css/post-24223c45.css]
[atsengg.com/wp-json/wp/v2/pages/2422.json]
[atsengg.com/wp-json/oembed/1.0/embed9a00.json]
[atsengg.com/wp-content/uploads/2020/12/download-1024x722.jpg]
[atsengg.com/wp-content/uploads/2020/12/s1-1024x782.jpg]
[atsengg.com/wp-content/uploads/2020/12/b9.jpg]
[atsengg.com/wp-content/uploads/2020/12/b9-150x150.jpg]
[atsengg.com/wp-content/uploads/2020/12/b8.jpg]
[atsengg.com/wp-content/uploads/2020/12/b8-150x150.jpg]
[atsengg.com/wp-content/uploads/2020/12/b7.jpg]
[atsengg.com/wp-content/uploads/2020/12/b7-150x150.jpg]
[atsengg.com/wp-content/uploads/2020/12/b6.png]
[atsengg.com/wp-content/uploads/2020/12/b6-150x150.png]
[atsengg.com/wp-content/uploads/2020/12/b5.jpg]
[atsengg.com/wp-content/uploads/2020/12/b5-150x150.jpg]
[atsengg.com/wp-content/uploads/2020/12/b1.jpg]
[atsengg.com/wp-content/uploads/2020/12/b1-150x150.jpg]
[atsengg.com/wp-content/uploads/2020/12/b2-150x150.jpg]
[atsengg.com/wp-content/uploads/2020/12/b3.jpg]
[atsengg.com/wp-content/uploads/2020/12/b3-150x150.jpg]
[atsengg.com/wp-content/uploads/2020/12/b4.jpg]
[atsengg.com/wp-content/uploads/2020/12/b4-150x150.jpg]
[atsengg.com/wp-content/uploads/2020/12/b10.jpg]
[atsengg.com/wp-content/uploads/2020/12/b10-150x150.jpg]
[atsengg.com/wp-content/uploads/2020/12/b11.jpg]
[atsengg.com/wp-content/uploads/2020/12/b11-150x150.jpg]
[atsengg.com/wp-content/uploads/2020/12/b12.jpg]
[atsengg.com/wp-content/uploads/2020/12/b12-150x150.jpg]
[atsengg.com/wp-content/uploads/2020/12/bo1.jpg]
[atsengg.com/wp-content/uploads/2020/12/bo1-150x150.jpg]
[atsengg.com/wp-content/uploads/2020/12/bo2.jpg]
[atsengg.com/wp-content/uploads/2020/12/bo2-150x150.jpg]
[atsengg.com/wp-content/uploads/2020/12/bo3.jpg]
[atsengg.com/wp-content/uploads/2020/12/bo3-150x150.jpg]
[atsengg.com/wp-content/uploads/2020/12/bo4.jpg]
[atsengg.com/wp-content/uploads/2020/12/bo4-150x150.jpg]
[atsengg.com/wp-content/uploads/2020/12/bo5.jpg]
[atsengg.com/wp-content/uploads/2020/12/bo5-150x150.jpg]
[atsengg.com/wp-content/uploads/2020/12/box6.png]
[atsengg.com/wp-content/uploads/2020/12/box6-150x150.png]
[atsengg.com/wp-content/uploads/2020/12/box7.jpg]
[atsengg.com/wp-content/uploads/2020/12/box7-150x150.jpg]
[atsengg.com/wp-content/uploads/2020/12/box8.jpg]
[atsengg.com/wp-content/uploads/2020/12/box8-150x150.jpg]
[atsengg.com/wp-content/uploads/2020/12/download-1.jpg]
[atsengg.com/wp-content/uploads/2020/12/t1.jpg]
[atsengg.com/wp-content/uploads/2020/12/t1-150x150.jpg]
[atsengg.com/wp-content/uploads/2020/12/t2.jpg]
[atsengg.com/wp-content/uploads/2020/12/t2-150x150.jpg]
[atsengg.com/wp-content/uploads/2020/12/t3.jpg]
[atsengg.com/wp-content/uploads/2020/12/t3-150x150.jpg]
[atsengg.com/wp-content/uploads/2020/12/t4.jpg]
[atsengg.com/wp-content/uploads/2020/12/t4-150x150.jpg]
[atsengg.com/wp-content/uploads/2020/12/t5.jpg]
[atsengg.com/wp-content/uploads/2020/12/t5-150x150.jpg]
[atsengg.com/wp-content/uploads/2020/12/z1.jpg]
[atsengg.com/wp-content/uploads/2020/12/z1-150x150.jpg]
[atsengg.com/wp-content/uploads/2020/12/z2.jpg]
[atsengg.com/wp-content/uploads/2020/12/z2-150x150.jpg]
[atsengg.com/wp-content/uploads/2020/12/z3.jpg]
[atsengg.com/wp-content/uploads/2020/12/z3-150x150.jpg]
[atsengg.com/wp-content/uploads/2020/12/z4.jpg]
[atsengg.com/wp-content/uploads/2020/12/z4-150x150.jpg]
[atsengg.com/wp-content/uploads/2020/12/download-4.jpg]
[atsengg.com/wp-content/uploads/2020/12/F6-150x150.jpg]
[atsengg.com/wp-content/uploads/2020/12/f62.jpg]
[atsengg.com/wp-content/uploads/2020/12/f62-150x150.jpg]
[atsengg.com/wp-content/uploads/2020/12/f63.jpg]
[atsengg.com/wp-content/uploads/2020/12/f63-150x150.jpg]
[atsengg.com/wp-content/uploads/2020/12/f64.jpg]
[atsengg.com/wp-content/uploads/2020/12/f64-150x150.jpg]
[atsengg.com/wp-content/uploads/2020/12/download-5.jpg]
[atsengg.com/wp-content/uploads/2020/12/download-6.jpg]
[atsengg.com/wp-content/uploads/2020/12/so5.jpg]
[atsengg.com/wp-content/uploads/2020/12/so5-150x150.jpg]
[atsengg.com/wp-content/uploads/2020/12/so4.jpg]
[atsengg.com/wp-content/uploads/2020/12/so4-150x150.jpg]
[atsengg.com/wp-content/uploads/2020/12/so3.jpg]
[atsengg.com/wp-content/uploads/2020/12/so3-150x150.jpg]
[atsengg.com/wp-content/uploads/2020/12/so2.jpg]
[atsengg.com/wp-content/uploads/2020/12/so2-150x150.jpg]
[atsengg.com/wp-content/uploads/2020/12/so1.jpg]
[atsengg.com/wp-content/uploads/2020/12/so1-150x150.jpg]
[atsengg.com/wp-content/uploads/essential-addons-elementor/eael-723052ff.js]
[atsengg.com/fabrications/index.html]
[atsengg.com/wp-content/uploads/essential-addons-elementor/eael-72308ef7.css]
[atsengg.com/wp-content/uploads/elementor/css/post-81005c88.css]
[atsengg.com/wp-json/wp/v2/pages/8100.json]
[atsengg.com/wp-json/oembed/1.0/embed207e.json]
[atsengg.com/wp-json/oembed/1.0/embed7b13]
[atsengg.com/wp-content/uploads/2024/12/1-2409301454592G.jpg]
[atsengg.com/wp-content/uploads/2024/12/1-240930145430T0.png]
[atsengg.com/wp-content/uploads/2024/12/1-240930145430T0-1.png]
[atsengg.com/wp-content/uploads/2024/12/1-24093014400I20.jpg]
[atsengg.com/wp-content/uploads/2024/12/1-24093014400I20-1.jpg]
[atsengg.com/wp-content/uploads/2024/12/1-24093014400I20-1-150x150.jpg]
[atsengg.com/wp-content/uploads/2024/12/1-240930145430T0-2.png]
[atsengg.com/wp-content/uploads/2024/12/1-240930145430T0-2-150x150.png]
[atsengg.com/wp-content/uploads/2024/12/1-2409301454592G-1.jpg]
[atsengg.com/wp-content/uploads/2024/12/1-2409301454592G-1-150x150.jpg]
[atsengg.com/wp-content/uploads/2024/12/1-240930145355234.jpg]
[atsengg.com/wp-content/uploads/2024/12/1-240930145355234-150x150.jpg]
[atsengg.com/wp-content/uploads/2024/12/1-240930143225I0.jpg]
[atsengg.com/wp-content/uploads/2024/12/1-240930143225I0-150x150.jpg]
[atsengg.com/wp-content/uploads/2024/12/2-240Q9105403541.jpg]
[atsengg.com/wp-content/uploads/2024/12/2-240Q9105403541-150x150.jpg]
[atsengg.com/wp-content/uploads/2024/12/1-240930145A2F2.png]
[atsengg.com/wp-content/uploads/2024/12/1-240930145GbM-1.png]
[atsengg.com/lithium-batteries/index.html]
[atsengg.com/wp-content/uploads/essential-addons-elementor/eael-72308ef7.js]
[atsengg.com/wp-content/uploads/essential-addons-elementor/eael-7230c923.css]
[atsengg.com/wp-content/uploads/essential-addons-elementor/eael-1057c923.css]
[atsengg.com/wp-content/uploads/elementor/css/post-1057f52e.css]
[atsengg.com/wp-json/wp/v2/pages/1057.json]
[atsengg.com/wp-json/oembed/1.0/embed7a03.json]
[atsengg.com/wp-json/oembed/1.0/embed17cb]
[atsengg.com/wp-content/uploads/2021/10/pec-logo-1280x720-1.jpg]
[atsengg.com/wp-content/uploads/2021/10/aedb.jpg]
[atsengg.com/wp-content/uploads/2021/10/iso.png]
[atsengg.com/wp-content/uploads/2021/10/ipo.jpg]
[atsengg.com/wp-content/uploads/2021/10/secp.jpg]
[atsengg.com/wp-content/uploads/2021/10/icci.jpg]
[atsengg.com/wp-content/plugins/elementor/assets/lib/font-awesome/css/all.minac9c.css]
[atsengg.com/wp-content/plugins/timeline-widget-addon-for-elementor/assets/css/twae-common-styles.min00e2.css]
[atsengg.com/wp-content/plugins/timeline-widget-addon-for-elementor/assets/css/twae-vertical-timeline.min00e2.css]
[atsengg.com/wp-content/uploads/essential-addons-elementor/eael-7230c923.js]
[atsengg.com/about-us/index.html]
[atsengg.com/wp-content/uploads/essential-addons-elementor/eael-723027fc.css]
[atsengg.com/wp-content/uploads/elementor/css/post-69084fbc.css]
[atsengg.com/wp-json/wp/v2/pages/6908.json]
[atsengg.com/wp-json/oembed/1.0/embedc171.json]
[atsengg.com/wp-json/oembed/1.0/embed7975]
[atsengg.com/wp-content/uploads/2020/11/brochure.pdf]
[atsengg.com/wp-content/uploads/2020/12/ATSs-Manual-Tracker-Installation-Guide.pdf]
[atsengg.com/wp-content/uploads/2022/12/Ferrotek-Fan-Products-Catalog-V-21-atsengg.com_.pdf]
[atsengg.com/downloads/index.html]
[atsengg.com/wp-content/uploads/essential-addons-elementor/eael-723027fc.js]
[atsengg.com/wp-content/uploads/essential-addons-elementor/eael-7230e520.css]
[atsengg.com/wp-content/uploads/elementor/css/post-29170b18.css]
[atsengg.com/wp-json/wp/v2/pages/2917.json]
[atsengg.com/wp-json/oembed/1.0/embedd86e.json]
[atsengg.com/wp-json/oembed/1.0/embed1015]
[atsengg.com/faqs/index.html]
[atsengg.com/wp-content/uploads/essential-addons-elementor/eael-7230e520.js]
[atsengg.com/wp-content/uploads/essential-addons-elementor/eael-7230c50a.css]
[atsengg.com/wp-content/plugins/awesome-support/assets/public/css/publicf731.css]
[atsengg.com/wp-content/plugins/awesome-support/themes/default/css/stylef731.css]
[atsengg.com/wp-includes/css/buttons.min4118.css]
[atsengg.com/wp-includes/css/editor.min4118.css]
[atsengg.com/wp-content/uploads/elementor/css/post-2531e33c.css]
[atsengg.com/wp-includes/js/utils.min4118.js]
[atsengg.com/wp-content/plugins/awesome-support/assets/public/js/component-privacy-popupf731.js]
[atsengg.com/wp-json/wp/v2/pages/2531.json]
[atsengg.com/wp-json/oembed/1.0/embedbeeb.json]
[atsengg.com/wp-json/oembed/1.0/embed9caa]
[atsengg.com/wp-content/uploads/essential-addons-elementor/eael-7230c50a.js]
[atsengg.com/wp-admin/js/editor.min4118.js]
[atsengg.com/wp-includes/js/quicktags.min4118.js]
[atsengg.com/ats-login/index8585.html]
[atsengg.com/wp-includes/js/dist/dom-ready.minded6.js]
[atsengg.com/wp-includes/js/dist/a11y.min65c7.js]
[atsengg.com/wp-includes/js/wplink.min4118.js]
[atsengg.com/wp-includes/js/jquery/ui/menu.min3f14.js]
[atsengg.com/wp-includes/js/jquery/ui/autocomplete.min3f14.js]
[atsengg.com/wp-includes/js/thickbox/thickboxab87.js]
[atsengg.com/wp-includes/js/shortcode.min4118.js]
[atsengg.com/wp-admin/js/media-upload.min4118.js]
[atsengg.com/complaints/index.html]
[atsengg.com/wp-content/plugins/awesome-support/assets/public/js/public-distf731.js]
[atsengg.com/wp-content/uploads/essential-addons-elementor/eael-7230931d.css]
[atsengg.com/wp-content/plugins/wpforms-lite/assets/css/frontend/classic/wpforms-full.min8cb8.css]
[atsengg.com/wp-content/uploads/elementor/css/post-731484.css]
[atsengg.com/wp-json/wp/v2/pages/73.json]
[atsengg.com/wp-json/oembed/1.0/embedf0c9.json]
[atsengg.com/wp-json/oembed/1.0/embedf5ac]
[atsengg.com/wp-content/uploads/2020/11/it-icon1.png]
[atsengg.com/wp-content/uploads/elementor/thumbs/Ansar-weChat-qoa7cgnr0hps1vd808xxr4hpnc1u1r207qe6j78wsc.jpg]
[atsengg.com/wp-content/uploads/elementor/thumbs/Sunny-weChat-qoaaqkuwwmvue3zhxj826t4jyg5j24um05k42c6mf0.jpg]
[atsengg.com/wp-content/plugins/wpforms-lite/assets/images/submit-spin.svg]
[atsengg.com/wp-content/uploads/essential-addons-elementor/eael-7230931d.js]
[atsengg.com/wp-content/plugins/wpforms-lite/assets/lib/mailcheck.mincfa9.js]
[atsengg.com/wp-content/plugins/wpforms-lite/assets/lib/jquery.validate.min5441.js]
[atsengg.com/wp-content/plugins/wpforms-lite/assets/lib/punycode.min8a54.js]
[atsengg.com/wp-content/plugins/wpforms-lite/assets/js/share/utils.min8cb8.js]
[atsengg.com/wp-content/plugins/wpforms-lite/assets/js/frontend/wpforms.min8cb8.js]
[atsengg.com/contact-us/index.html]
[atsengg.com/wp-content/uploads/essential-addons-elementor/eael-7230d046.css]
[atsengg.com/wp-content/uploads/essential-addons-elementor/eael-7457d046.css]
[atsengg.com/wp-content/uploads/elementor/css/post-745774e5.css]
[atsengg.com/wp-json/wp/v2/pages/7457.json]
[atsengg.com/wp-json/oembed/1.0/embede782.json]
[atsengg.com/wp-json/oembed/1.0/embedf834]
[atsengg.com/wp-content/plugins/wpforms-lite/assets/css/choices.min8257.css]
[atsengg.com/wp-content/uploads/essential-addons-elementor/eael-7230d046.js]
[atsengg.com/quote/index.html]
[atsengg.com/wp-content/plugins/wpforms-lite/assets/lib/choices.min8257.js]
[atsengg.com/wp-content/uploads/essential-addons-elementor/eael-7230421b.css]
[atsengg.com/wp-json/wp/v2/pages/4436.json]
[atsengg.com/wp-json/oembed/1.0/embed1b33.json]
[atsengg.com/wp-json/oembed/1.0/embedba32]
[atsengg.com/wp-content/uploads/essential-addons-elementor/eael-7230421b.js]
[atsengg.com/author/power-admin/index.html]
[atsengg.com/portfolio/solar-panel/index.html]
[atsengg.com/wp-content/themes/porto/js/libs/isotope.pkgd.min7c45.js]
[atsengg.com/projects/index.html]
[atsengg.com/portfolio/sp1/index.html]
[atsengg.com/portfolio/sp2/index.html]
[atsengg.com/portfolio/sp3/index.html]
[atsengg.com/wp-content/uploads/essential-addons-elementor/eael-7230c49f.css]
[atsengg.com/wp-json/wp/v2/pages/4604.json]
[atsengg.com/portfolio/sp4/index.html]
[atsengg.com/wp-json/oembed/1.0/embedc667.json]
[atsengg.com/portfolio/sp5/index.html]
[atsengg.com/portfolio/sp6/index.html]
[atsengg.com/wp-json/oembed/1.0/embedd424]
[atsengg.com/portfolio/sp7/index.html]
[atsengg.com/wp-content/uploads/essential-addons-elementor/eael-7230c49f.js]
[atsengg.com/terms-and-condition/index.html]
[atsengg.com/portfolio/fc2/index.html]
[atsengg.com/portfolio/fc1/index.html]
[atsengg.com/portfolio/fc3/index.html]
[atsengg.com/portfolio/fc4/index.html]
[atsengg.com/wp-json/wp/v2/pages/4667.json]
[atsengg.com/wp-content/uploads/essential-addons-elementor/eael-72301467.css]
[atsengg.com/wp-json/oembed/1.0/embed2eec.json]
[atsengg.com/wp-json/oembed/1.0/embed35cc]
[atsengg.com/wp-content/uploads/essential-addons-elementor/eael-72301467.js]
[atsengg.com/privacy-policy/index.html]
[atsengg.com/wp-content/uploads/essential-addons-elementor/eael-7230ee2d.css]
[atsengg.com/wp-content/uploads/elementor/css/post-46790328.css]
[atsengg.com/wp-json/wp/v2/pages/4679.json]
[atsengg.com/wp-json/oembed/1.0/embed817d.json]
[atsengg.com/wp-json/oembed/1.0/embed440d]
[atsengg.com/wp-content/uploads/essential-addons-elementor/eael-7230ee2d.js]
[atsengg.com/testimonials/index.html]
[atsengg.com/wp-content/uploads/essential-addons-elementor/eael-7230eba3.css]
[atsengg.com/wp-content/uploads/elementor/css/post-5473f4d7.css]
[atsengg.com/wp-json/wp/v2/pages/5473.json]
[atsengg.com/wp-json/oembed/1.0/embeda5a5.json]
[atsengg.com/wp-json/oembed/1.0/embeda5d6]
[atsengg.com/site-map/index.html]
[atsengg.com/wp-content/uploads/essential-addons-elementor/eael-7230eba3.js]
[atsengg.com/blog/index.html]
[atsengg.com/wp-content/plugins/unlimited-elements-for-elementor-premium/assets_libraries/font-awesome5/css/fa-brands-400.eot]
[atsengg.com/wp-content/plugins/unlimited-elements-for-elementor-premium/assets_libraries/font-awesome5/css/fa-brands-400d41d.eot]
[atsengg.com/wp-content/plugins/unlimited-elements-for-elementor-premium/assets_libraries/font-awesome5/css/fa-brands-400.woff2]
[atsengg.com/submit-ticket/index.html]
[atsengg.com/wp-content/plugins/unlimited-elements-for-elementor-premium/assets_libraries/font-awesome5/css/fa-brands-400.woff]
[atsengg.com/my-account/index.html]
[atsengg.com/wp-content/plugins/unlimited-elements-for-elementor-premium/assets_libraries/font-awesome5/css/fa-brands-400.ttf]
[atsengg.com/wp-content/plugins/unlimited-elements-for-elementor-premium/assets_libraries/font-awesome5/css/fa-regular-400.eot]
[atsengg.com/wp-content/plugins/unlimited-elements-for-elementor-premium/assets_libraries/font-awesome5/css/fa-regular-400d41d.eot]
[atsengg.com/wp-content/plugins/unlimited-elements-for-elementor-premium/assets_libraries/font-awesome5/css/fa-regular-400.woff2]
[atsengg.com/wp-content/plugins/unlimited-elements-for-elementor-premium/assets_libraries/font-awesome5/css/fa-regular-400.woff]
[atsengg.com/wp-content/plugins/unlimited-elements-for-elementor-premium/assets_libraries/font-awesome5/css/fa-regular-400.ttf]
[atsengg.com/wp-content/plugins/unlimited-elements-for-elementor-premium/assets_libraries/font-awesome5/css/fa-solid-900.eot]
[atsengg.com/wp-content/plugins/unlimited-elements-for-elementor-premium/assets_libraries/font-awesome5/css/fa-regular-400.svg]
[atsengg.com/wp-content/plugins/unlimited-elements-for-elementor-premium/assets_libraries/font-awesome5/css/fa-solid-900d41d.eot]
[atsengg.com/wp-content/plugins/unlimited-elements-for-elementor-premium/assets_libraries/font-awesome5/css/fa-solid-900.woff2]
[atsengg.com/wp-content/plugins/unlimited-elements-for-elementor-premium/assets_libraries/font-awesome5/css/fa-brands-400.svg]
[atsengg.com/wp-content/plugins/unlimited-elements-for-elementor-premium/assets_libraries/font-awesome5/css/fa-solid-900.woff]
[atsengg.com/wp-content/plugins/unlimited-elements-for-elementor-premium/assets_libraries/font-awesome5/css/fa-solid-900.ttf]
[atsengg.com/wp-content/plugins/unlimited-elements-for-elementor-premium/assets_libraries/font-awesome5/css/fontawesome-all.min.css]
[atsengg.com/wp-content/plugins/unlimited-elements-for-elementor-premium/assets_libraries/font-awesome5/css/fontawesome-v4-shims.css]
[atsengg.com/wp-content/uploads/essential-addons-elementor/eael-723062b7.css]
[atsengg.com/wp-content/uploads/elementor/css/post-28379d7f.css]
[atsengg.com/wp-json/wp/v2/pages/2837.json]
[atsengg.com/wp-json/oembed/1.0/embed57e2.json]
[atsengg.com/wp-json/oembed/1.0/embedd7d0]
[atsengg.com/wp-content/uploads/2024/05/f2.png]
[atsengg.com/wp-content/uploads/2024/05/f4.png]
[atsengg.com/wp-content/uploads/2024/05/f6.png]
[atsengg.com/wp-content/uploads/2024/05/f3.png]
[atsengg.com/wp-content/plugins/unlimited-elements-for-elementor-premium/assets_libraries/font-awesome5/css/fa-solid-900.svg]
[atsengg.com/wp-content/uploads/2024/05/f5.png]
[atsengg.com/wp-content/uploads/2024/05/f2-1.png]
[atsengg.com/wp-content/uploads/2024/05/f3-1.png]
[atsengg.com/wp-content/uploads/2024/05/f3-1-150x150.png]
[atsengg.com/wp-content/uploads/2024/05/f3-150x150.png]
[atsengg.com/wp-content/uploads/2024/05/f2-1-150x150.png]
[atsengg.com/wp-content/uploads/2024/05/f5-150x150.png]
[atsengg.com/wp-content/uploads/2024/05/f1-2-150x150.png]
[atsengg.com/wp-content/uploads/2024/05/f6-150x150.png]
[atsengg.com/wp-content/uploads/2024/05/f4-150x150.png]
[atsengg.com/wp-content/uploads/2024/05/f2-150x150.png]
[atsengg.com/industrial-fans/index.html]
[atsengg.com/https_/atsengg.com/wp-content/uploads/2025/01/Ecofy-Logo-PNG.html]
[atsengg.com/https_/atsengg.com/wp-content/uploads/2024/12/ind.html]
[atsengg.com/https_/atsengg.com/wp-content/uploads/2024/12/ftk.html]
[atsengg.com/https_/atsengg.com/wp-content/uploads/2024/12/stylo.html]
[atsengg.com/https_/atsengg.com/wp-content/uploads/2024/12/go.html]
[atsengg.com/wp-content/uploads/essential-addons-elementor/eael-723062b7.js]
[atsengg.com/wp-content/uploads/2021/10/Picture20.png]
[atsengg.com/wp-content/uploads/essential-addons-elementor/eael-72308355.css]
[atsengg.com/wp-content/plugins/premium-addons-for-elementor/assets/frontend/min-css/premium-addons.minac9c.css]
[atsengg.com/wp-includes/css/dist/block-library/style.min4118.css]
[atsengg.com/wp-json/wp/v2/pages/3711.json]
[atsengg.com/wp-json/oembed/1.0/embed0d0f.json]
[atsengg.com/wp-json/oembed/1.0/embedecca]
[atsengg.com/apply-for-jobs/index.html]
[atsengg.com/wp-content/uploads/essential-addons-elementor/eael-72308355.js]
[atsengg.com/wp-content/uploads/essential-addons-elementor/eael-7230cfc3.css]
[atsengg.com/wp-json/wp/v2/pages/8226.json]
[atsengg.com/jobs/sqa/index.html]
[atsengg.com/wp-json/oembed/1.0/embeda795.json]
[atsengg.com/wp-json/oembed/1.0/embed8dee]
[atsengg.com/refund-exchange-policy/index.html]
[atsengg.com/wp-content/uploads/essential-addons-elementor/eael-7230cfc3.js]
[atsengg.com/wp-content/uploads/essential-addons-elementor/eael-72303fa9.css]
[atsengg.com/wp-content/uploads/elementor/css/post-2439bf6b.css]
[atsengg.com/wp-json/wp/v2/pages/2439.json]
[atsengg.com/wp-json/oembed/1.0/embed97df.json]
[atsengg.com/wp-json/oembed/1.0/embed0449]
[atsengg.com/wp-content/uploads/2020/12/info-net-metering.jpg]
[atsengg.com/wp-content/uploads/2020/12/fe1.png]
[atsengg.com/wp-content/uploads/2020/12/fe2.png]
[atsengg.com/wp-content/uploads/2020/12/5.jpg]
[atsengg.com/wp-content/uploads/2020/12/5-150x150.jpg]
[atsengg.com/wp-content/uploads/2020/12/4.jpg]
[atsengg.com/wp-content/uploads/2020/12/4-150x150.jpg]
[atsengg.com/wp-content/uploads/2020/12/3.jpg]
[atsengg.com/wp-content/uploads/2020/12/3-150x150.jpg]
[atsengg.com/wp-content/uploads/2020/12/2.jpg]
[atsengg.com/wp-content/uploads/2020/12/2-150x150.jpg]
[atsengg.com/wp-content/uploads/2020/12/6.jpg]
[atsengg.com/wp-content/uploads/2020/12/6-150x150.jpg]
[atsengg.com/wp-content/uploads/2020/12/1.png]
[atsengg.com/wp-content/uploads/2020/12/1-150x150.png]
[atsengg.com/net-metering/index.html]
[atsengg.com/wp-content/uploads/essential-addons-elementor/eael-72303fa9.js]
[atsengg.com/wp-content/uploads/essential-addons-elementor/eael-72308dee.css]
[atsengg.com/wp-content/uploads/elementor/css/post-54595df0.css]
[atsengg.com/wp-json/wp/v2/pages/5459.json]
[atsengg.com/wp-json/oembed/1.0/embedc76f.json]
[atsengg.com/wp-json/oembed/1.0/embedf5ac-2]
[atsengg.com/wp-content/uploads/2020/11/logo.png]
[atsengg.com/wp-content/uploads/2021/07/styloknot.png]
[atsengg.com/wp-content/uploads/2021/07/ft.png]
[atsengg.com/wp-content/uploads/2021/07/sachlogo.png]
[atsengg.com/wp-content/uploads/2021/07/GoOrganic-Logo-16-final.png]
[atsengg.com/wp-content/uploads/2021/07/ATS-Logo.png]
[atsengg.com/wp-content/uploads/essential-addons-elementor/eael-72308dee.js]
[atsengg.com/group-of-companies/index.html]
[atsengg.com/wp-content/uploads/trustindex-google-widgetfa88.css]
[atsengg.com/wp-content/plugins/elementor/assets/lib/animations/animations.min3cad.css]
[atsengg.com/wp-content/uploads/elementor/css/post-674293b7.css]
[atsengg.com/wp-content/plugins/wp-google-map-plugin/assets/images/nav.png]
[atsengg.com/wp-content/plugins/wp-google-map-plugin/assets/css/fonts/fontawesome-webfont5b62.eot]
[atsengg.com/wp-content/plugins/wp-google-map-plugin/assets/css/fonts/fontawesome-webfontd41d.eot]
[atsengg.com/wp-content/plugins/wp-google-map-plugin/assets/css/fonts/fontawesome-webfont5b62.woff2]
[atsengg.com/wp-content/plugins/wp-google-map-plugin/assets/css/fonts/fontawesome-webfont5b62.woff]
[atsengg.com/wp-content/plugins/wp-google-map-plugin/assets/css/fonts/fontawesome-webfont5b62.ttf]
[atsengg.com/wp-content/plugins/wp-google-map-plugin/assets/images/map_placeholder.png]
[atsengg.com/wp-content/plugins/wp-google-map-plugin/assets/images/loader.gif]
[atsengg.com/wp-content/plugins/wp-google-map-plugin/assets/images/wpgmp-toggle-sprite.png]
[atsengg.com/wp-content/plugins/wp-google-map-plugin/assets/images/white_select_arrow.png]
[atsengg.com/wp-content/plugins/wp-google-map-plugin/assets/css/fonts/fontawesome-webfont5b62.svg]
[atsengg.com/wp-content/plugins/wp-google-map-plugin/assets/images/select_arrow.png]
[atsengg.com/wp-content/plugins/wp-google-map-plugin/assets/images/cross.png]
[atsengg.com/wp-content/plugins/wp-google-map-plugin/assets/images/facebook.png]
[atsengg.com/wp-content/plugins/wp-google-map-plugin/assets/images/twitter.png]
[atsengg.com/wp-content/plugins/wp-google-map-plugin/assets/images/map.png]
[atsengg.com/wp-content/plugins/wp-google-map-plugin/assets/images/location-icon.png]
[atsengg.com/wp-content/plugins/wp-google-map-plugin/assets/images/arrow.png]
[atsengg.com/wp-content/plugins/wp-google-map-plugin/assets/css/frontend4118.css]
[atsengg.com/wp-content/plugins/wp-google-map-plugin/templates/infowindow/basic/basic4118.css]
[atsengg.com/wp-content/plugins/smio-push-notification/css/tooltipster.bundle.mina350.css]
[atsengg.com/wp-content/plugins/revslider/public/assets/fonts/revicons/revicons90c6.eot]
[atsengg.com/wp-content/plugins/revslider/public/assets/fonts/revicons/revicons90c6.woff]
[atsengg.com/wp-content/plugins/revslider/public/assets/fonts/revicons/revicons90c6.ttf]
[atsengg.com/wp-content/plugins/revslider/public/assets/fonts/revicons/revicons90c6.svg]
[atsengg.com/wp-content/plugins/revslider/public/assets/css/openhand.cur]
[atsengg.com/wp-content/plugins/revslider/public/assets/css/closedhand.cur]
[atsengg.com/wp-content/plugins/revslider/public/assets/assets/gridtile.png]
[atsengg.com/wp-content/plugins/revslider/public/assets/assets/gridtile_white.png]
[atsengg.com/wp-content/plugins/revslider/public/assets/assets/gridtile_3x3.png]
[atsengg.com/wp-content/plugins/revslider/public/assets/assets/gridtile_3x3_white.png]
[atsengg.com/wp-content/plugins/revslider/public/assets/assets/coloredbg.png]
[atsengg.com/wp-content/plugins/revslider/public/assets/assets/loader.gif]
[atsengg.com/wp-content/plugins/revslider/public/assets/css/rs6847e.css]
[atsengg.com/wp-content/uploads/essential-addons-elementor/eael-6532bdf7.js]
[atsengg.com/wp-content/themes/porto/js/bootstrap.optimized.min972f.js]
[atsengg.com/wp-content/plugins/wp-job-openings/assets/fonts/awsm-jobs-icomoon062a.svg]
[atsengg.com/wp-content/plugins/wp-job-openings/assets/img/loading.svg]
[atsengg.com/wp-content/plugins/elementor/assets/lib/eicons/fonts/eicons8016.svg]
[atsengg.com/wp-content/themes/porto/fonts/fontawesome/fa-regular-400.woff2]
[atsengg.com/wp-content/themes/porto/fonts/fontawesome/fa-regular-400.ttf]
[atsengg.com/wp-content/themes/porto/fonts/fontawesome/fa-solid-900.ttf]
[atsengg.com/wp-content/themes/porto/images/owl.video.play.png]
[atsengg.com/wp-content/themes/porto/fonts/Simple-Line-Icons/Simple-Line-Icons.eot]
[atsengg.com/wp-content/themes/porto/fonts/Simple-Line-Icons/Simple-Line-Icons.svg]
[atsengg.com/wp-content/themes/porto/fonts/Simple-Line-Icons/Simple-Line-Icons.woff]
[atsengg.com/wp-content/themes/porto/fonts/porto-font/portod41d.eot]
[atsengg.com/wp-content/themes/porto/fonts/porto-font/porto.svg]
[atsengg.com/wp-content/themes/porto/images/select-bg.svg]
[atsengg.com/wp-content/themes/porto/images/curved-border.svg]
[atsengg.com/wp-content/themes/porto/images/custom-checkbox.svg]
[atsengg.com/wp-content/plugins/elementor/assets/lib/font-awesome/webfonts/fa-regular-400d41d.eot]
[atsengg.com/wp-content/plugins/elementor/assets/lib/font-awesome/webfonts/fa-regular-400.svg]
[atsengg.com/wp-content/themes/porto/css/images/blank.gif]
[atsengg.com/wp-content/plugins/elementor/assets/lib/font-awesome/webfonts/fa-solid-900.svg]
[atsengg.com/wp-content/plugins/elementor/assets/lib/font-awesome/webfonts/fa-brands-400.svg]
[atsengg.com/wp-content/uploads/essential-addons-elementor/eael-72301eb9.css]
[atsengg.com/wp-content/uploads/elementor/css/post-2408cd74.css]
[atsengg.com/index3fa0.html]
[cdnjs.cloudflare.com/ajax/libs/font-awesome/4.7.0/css/font-awesome.min.css]
[atsengg.com/wp-content/uploads/essential-addons-elementor/eael-723052ff.css]
[atsengg.com/wp-content/uploads/elementor/css/post-24223c45.css]
[atsengg.com/indexdba3.html]
[atsengg.com/wp-content/uploads/essential-addons-elementor/eael-72308ef7.css]
[atsengg.com/wp-content/uploads/elementor/css/post-81005c88.css]
[atsengg.com/indexd031.html]
[atsengg.com/wp-content/uploads/2020/12/F6.jpeg]
[atsengg.com/wp-content/uploads/essential-addons-elementor/eael-7230c923.css]
[atsengg.com/wp-content/uploads/essential-addons-elementor/eael-1057c923.css]
[atsengg.com/wp-content/uploads/elementor/css/post-1057f52e.css]
[atsengg.com/indexf5bd.html]
[atsengg.com/wp-content/plugins/elementor/assets/lib/font-awesome/css/all.minac9c.css]
[atsengg.com/wp-content/plugins/timeline-widget-addon-for-elementor/assets/css/twae-common-styles.min00e2.css]
[atsengg.com/wp-content/plugins/timeline-widget-addon-for-elementor/assets/css/twae-vertical-timeline.min00e2.css]
[atsengg.com/wp-content/uploads/essential-addons-elementor/eael-1057c923.js]
[atsengg.com/wp-content/uploads/essential-addons-elementor/eael-723027fc.css]
[atsengg.com/wp-content/uploads/elementor/css/post-69084fbc.css]
[atsengg.com/wp-content/uploads/2024/12/1-240930145GbM.png]
[atsengg.com/wp-json/oembed/1.0/embed3dc7]
[atsengg.com/wp-content/uploads/essential-addons-elementor/eael-7230e520.css]
[atsengg.com/wp-content/uploads/2020/11/dots-background-4.png]
[atsengg.com/wp-content/uploads/elementor/css/post-29170b18.css]
[atsengg.com/index724a.html]
[atsengg.com/wp-content/uploads/essential-addons-elementor/eael-7230c50a.css]
[atsengg.com/wp-content/plugins/awesome-support/assets/public/css/images/ui-icons_444444_256x240.png]
[atsengg.com/wp-content/plugins/awesome-support/assets/public/css/images/ui-icons_555555_256x240.png]
[atsengg.com/wp-content/plugins/awesome-support/assets/public/css/images/ui-icons_ffffff_256x240.png]
[atsengg.com/wp-content/plugins/awesome-support/assets/public/css/images/ui-icons_777620_256x240.png]
[atsengg.com/wp-content/plugins/awesome-support/assets/public/css/images/ui-icons_cc0000_256x240.png]
[atsengg.com/wp-content/plugins/awesome-support/assets/public/css/images/ui-icons_777777_256x240.png]
[atsengg.com/wp-content/plugins/awesome-support/assets/public/css/publicf731.css]
[atsengg.com/wp-content/plugins/awesome-support/themes/default/images/loading-spin.svg]
[atsengg.com/wp-content/plugins/awesome-support/themes/default/images/close.svg]
[atsengg.com/wp-content/plugins/awesome-support/themes/default/css/stylef731.css]
[atsengg.com/wp-includes/css/buttons.min4118.css]
[atsengg.com/wp-includes/css/editor.min4118.css]
[atsengg.com/wp-content/uploads/elementor/css/post-2531e33c.css]
[atsengg.com/index30a1.html]
[atsengg.com/wp-admin/css/forms.min4118.css]
[atsengg.com/wp-admin/css/l10n.min4118.css]
[atsengg.com/wp-admin/css/login.min4118.css]
[atsengg.com/wp-content/plugins/login-customizer/src/Customizer/Panel/Assets/CSS/customizer4118.css]
[atsengg.com/wp-content/uploads/2021/07/s3.jpg]
[atsengg.com/ats-login/index8585.html]
[atsengg.com/wp-content/uploads/essential-addons-elementor/eael-7230931d.css]
[atsengg.com/ats-login/index.html]
[atsengg.com/ats-login/index0ddc.html]
[atsengg.com/wp-content/plugins/wpforms-lite/assets/pro/images/times-solid-white.25e.delayed]
[atsengg.com/wp-content/plugins/wpforms-lite/assets/css/frontend/classic/wpforms-full.min8cb8.css]
[atsengg.com/wp-content/uploads/elementor/css/post-731484.css]
[atsengg.com/index8cae.html]
[atsengg.com/wp-content/plugins/wpforms-lite/assets/images/submit-spin.svg]
[atsengg.com/wp-content/uploads/essential-addons-elementor/eael-7230d046.css]
[atsengg.com/wp-content/uploads/essential-addons-elementor/eael-7457d046.css]
[atsengg.com/wp-content/uploads/2023/05/pexels-codioful-formerly-gradienta-7130469-scaled.jpg]
[atsengg.com/wp-content/uploads/elementor/css/post-745774e5.css]
[atsengg.com/indexcbed.html]
[atsengg.com/wp-content/plugins/wpforms-lite/assets/images/cross.svg]
[atsengg.com/wp-content/plugins/wpforms-lite/assets/css/choices.min8257.css]
[atsengg.com/wp-content/uploads/essential-addons-elementor/eael-7457d046.js]
[atsengg.com/wp-content/uploads/essential-addons-elementor/eael-7230421b.css]
[atsengg.com/indexee37.html]
[atsengg.com/wp-content/uploads/essential-addons-elementor/eael-72304118.css]
[atsengg.com/author/power-admin/feed/index.html]
[atsengg.com/wp-json/wp/v2/users/1.json]
[atsengg.com/wp-content/uploads/essential-addons-elementor/eael-72304118.js]
[atsengg.com/author/power-admin/index.html]
[atsengg.com/wp-content/themes/porto/inc/lib/infinite-scroll/infinite-scroll.mincaaa.js]
[atsengg.com/wp-content/uploads/essential-addons-elementor/eael-7230e0db.css]
[atsengg.com/portfolio/solar-panel/feed/index.html]
[atsengg.com/wp-json/wp/v2/portfolio/4442.json]
[atsengg.com/wp-json/oembed/1.0/embedc007.json]
[atsengg.com/wp-json/oembed/1.0/embed0900]
[atsengg.com/wp-content/uploads/porto_placeholders/100x75.jpg]
[atsengg.com/wp-content/uploads/2020/12/imageresize2.jpg]
[atsengg.com/portfolio/index.html]
[atsengg.com/portfolio_cat/educational-institutes/index.html]
[atsengg.com/wp-content/uploads/essential-addons-elementor/eael-7230e0db.js]
[atsengg.com/portfolio_cat/solar-solution/index.html]
[atsengg.com/portfolio/fc9/index.html]
[atsengg.com/portfolio/solar-solution-battery/index.html]
[atsengg.com/portfolio/net-metering/index.html]
[atsengg.com/portfolio/solar-panel/index.html]
[atsengg.com/wp-includes/js/comment-reply.min4118.js]
[atsengg.com/portfolio/sp1/feed/index.html]
[atsengg.com/wp-content/uploads/essential-addons-elementor/eael-7230f04e.css]
[atsengg.com/wp-json/wp/v2/portfolio/4444.json]
[atsengg.com/wp-json/oembed/1.0/embed33ef.json]
[atsengg.com/wp-json/oembed/1.0/embed2a76]
[atsengg.com/wp-content/uploads/porto_placeholders/100x54.jpg]
[atsengg.com/portfolio/sp1/index.html]
[atsengg.com/wp-content/uploads/essential-addons-elementor/eael-7230f04e.js]
[atsengg.com/portfolio/sp2/feed/index.html]
[atsengg.com/wp-content/uploads/essential-addons-elementor/eael-7230d7de.css]
[atsengg.com/portfolio_cat/residential/index.html]
[atsengg.com/wp-json/wp/v2/portfolio/4446.json]
[atsengg.com/portfolio/net-metering1/index.html]
[atsengg.com/wp-json/oembed/1.0/embed8023.json]
[atsengg.com/wp-json/oembed/1.0/embedb8db]
[atsengg.com/portfolio/sp2/index.html]
[atsengg.com/wp-content/uploads/essential-addons-elementor/eael-7230d7de.js]
[atsengg.com/portfolio_cat/fuel-station/index.html]
[atsengg.com/wp-content/uploads/essential-addons-elementor/eael-7230f961.css]
[atsengg.com/portfolio/sp3/feed/index.html]
[atsengg.com/wp-json/wp/v2/portfolio/4448.json]
[atsengg.com/wp-json/oembed/1.0/embed1feb.json]
[atsengg.com/wp-json/oembed/1.0/embed4c95]
[atsengg.com/wp-content/uploads/essential-addons-elementor/eael-7230f961.js]
[atsengg.com/portfolio/sp3/index.html]
[atsengg.com/wp-content/uploads/essential-addons-elementor/eael-72300d15.css]
[atsengg.com/portfolio/fc6/index.html]
[atsengg.com/portfolio/sp4/feed/index.html]
[atsengg.com/portfolio/fc7/index.html]
[atsengg.com/portfolio_cat/ngos/index.html]
[atsengg.com/wp-json/wp/v2/portfolio/4450.json]
[atsengg.com/wp-json/oembed/1.0/embedcaf3.json]
[atsengg.com/wp-json/oembed/1.0/embed92e7]
[atsengg.com/portfolio/sp4/index.html]
[atsengg.com/wp-content/uploads/essential-addons-elementor/eael-72300d15.js]
[atsengg.com/portfolio/sp5/feed/index.html]
[atsengg.com/wp-content/uploads/essential-addons-elementor/eael-7230911e.css]
[atsengg.com/wp-json/wp/v2/portfolio/4456.json]
[atsengg.com/wp-json/oembed/1.0/embed32ad.json]
[atsengg.com/portfolio_cat/restaurants/index.html]
[atsengg.com/wp-json/oembed/1.0/embed44c3]
[atsengg.com/wp-content/uploads/porto_placeholders/100x133.jpg]
[atsengg.com/portfolio/sp5/index.html]
[atsengg.com/wp-content/uploads/essential-addons-elementor/eael-7230911e.js]
[atsengg.com/portfolio/fc5/index.html]
[atsengg.com/wp-content/uploads/essential-addons-elementor/eael-72300f03.css]
[atsengg.com/portfolio/sp6/feed/index.html]
[atsengg.com/wp-json/wp/v2/portfolio/4458.json]
[atsengg.com/wp-json/oembed/1.0/embed18cf.json]
[atsengg.com/wp-json/oembed/1.0/embed2abe]
[atsengg.com/portfolio/sp6/index.html]
[atsengg.com/wp-content/uploads/essential-addons-elementor/eael-72300f03.js]
[atsengg.com/wp-content/uploads/essential-addons-elementor/eael-7230d2e6.css]
[atsengg.com/portfolio/sp7/feed/index.html]
[atsengg.com/wp-json/wp/v2/portfolio/4475.json]
[atsengg.com/wp-json/oembed/1.0/embed7240.json]
[atsengg.com/wp-json/oembed/1.0/embede3b7]
[atsengg.com/wp-content/uploads/porto_placeholders/100x66.jpg]
[atsengg.com/wp-content/uploads/essential-addons-elementor/eael-7230d2e6.js]
[atsengg.com/portfolio/sp7/index.html]
[atsengg.com/wp-content/uploads/essential-addons-elementor/eael-7230d6b1.css]
[atsengg.com/portfolio/fc1/feed/index.html]
[atsengg.com/wp-json/oembed/1.0/embed1488.json]
[atsengg.com/wp-json/oembed/1.0/embed6a96]
[atsengg.com/wp-content/uploads/porto_placeholders/100x56.jpg]
[atsengg.com/portfolio/fc1/index.html]
[atsengg.com/wp-content/uploads/essential-addons-elementor/eael-7230d6b1.js]
[atsengg.com/portfolio_cat/fabrication/index.html]
[atsengg.com/wp-content/uploads/essential-addons-elementor/eael-7230511e.css]
[atsengg.com/portfolio/fc4-2/index.html]
[atsengg.com/portfolio/fc2/feed/index.html]
[atsengg.com/wp-json/wp/v2/portfolio/4479.json]
[atsengg.com/wp-json/oembed/1.0/embedc768.json]
[atsengg.com/portfolio/fc10/index.html]
[atsengg.com/wp-json/oembed/1.0/embed554e]
[atsengg.com/wp-content/uploads/essential-addons-elementor/eael-7230511e.js]
[atsengg.com/portfolio/fc2/index.html]
[atsengg.com/wp-content/uploads/essential-addons-elementor/eael-7230df3e.css]
[atsengg.com/portfolio/fc8/index.html]
[atsengg.com/wp-json/wp/v2/portfolio/4481.json]
[atsengg.com/portfolio/fc3/feed/index.html]
[atsengg.com/wp-json/oembed/1.0/embed070f]
[atsengg.com/wp-content/uploads/2020/12/download-9.jpg]
[atsengg.com/wp-content/uploads/essential-addons-elementor/eael-7230df3e.js]
[atsengg.com/portfolio/fc3/index.html]
[atsengg.com/portfolio_cat/industrial/index.html]
[atsengg.com/wp-content/uploads/essential-addons-elementor/eael-7230b850.css]
[atsengg.com/portfolio/fc4/feed/index.html]
[atsengg.com/wp-json/wp/v2/portfolio/4483.json]
[atsengg.com/wp-json/oembed/1.0/embedb31e.json]
[atsengg.com/portfolio/industrial-fan1/index.html]
[atsengg.com/wp-json/oembed/1.0/embed9467]
[atsengg.com/wp-content/uploads/2020/12/cyclone1.jpg]
[atsengg.com/portfolio/fc4/index.html]
[atsengg.com/wp-content/uploads/essential-addons-elementor/eael-7230c49f.css]
[atsengg.com/index0863.html]
[atsengg.com/wp-content/uploads/essential-addons-elementor/eael-7230b850.js]
[atsengg.com/wp-content/uploads/essential-addons-elementor/eael-72301467.css]
[atsengg.com/indexab5b.html]
[atsengg.com/wp-content/uploads/essential-addons-elementor/eael-7230ee2d.css]
[atsengg.com/wp-content/uploads/elementor/css/post-46790328.css]
[atsengg.com/index9df3.html]
[atsengg.com/wp-content/uploads/essential-addons-elementor/eael-7230eba3.css]
[atsengg.com/wp-content/uploads/elementor/css/post-5473f4d7.css]
[atsengg.com/index297f.html]
[atsengg.com/wp-content/themes/porto/js/libs/jquery.infinite-scroll.min3c94.js]
[atsengg.com/blog/index.html]
[atsengg.com/product-category/fabrication/index.html]
[atsengg.com/product-category/industrial-fan/index.html]
[atsengg.com/product-category/solar-solutions/index.html]
[atsengg.com/submit-ticket/index.html]
[atsengg.com/my-account/index.html]
[atsengg.com/wp-content/plugins/unlimited-elements-for-elementor-premium/assets_libraries/font-awesome5/css/fa-brands-400.svg]
[atsengg.com/wp-content/plugins/unlimited-elements-for-elementor-premium/assets_libraries/font-awesome5/css/fa-regular-400.svg]
[atsengg.com/wp-content/plugins/unlimited-elements-for-elementor-premium/assets_libraries/font-awesome5/css/fa-solid-900.svg]
[atsengg.com/wp-content/uploads/essential-addons-elementor/eael-723062b7.css]
[atsengg.com/wp-content/uploads/elementor/css/post-28379d7f.css]
[atsengg.com/index1add.html]
[atsengg.com/portfolio/industrial-fan2/index.html]
[atsengg.com/wp-content/uploads/essential-addons-elementor/eael-72308355.css]
[atsengg.com/wp-content/uploads/2024/05/f1-2.png]
[atsengg.com/feedback/index.html]
[atsengg.com/fabrication/index.html]
[atsengg.com/wp-content/plugins/premium-addons-for-elementor/assets/editor/fonts/pa-elements157d.eot]
[atsengg.com/wp-content/plugins/premium-addons-for-elementor/assets/editor/fonts/pa-elements157d.ttf]
[atsengg.com/wp-content/plugins/premium-addons-for-elementor/assets/editor/fonts/pa-elements157d.woff]
[atsengg.com/wp-content/plugins/premium-addons-for-elementor/assets/editor/fonts/pa-elements157d.svg]
[atsengg.com/wp-content/plugins/premium-addons-for-elementor/assets/plugins/premium-addons-for-elementor/assets/editor/fonts/pa-elements157d.eot]
[atsengg.com/wp-content/plugins/premium-addons-for-elementor/assets/plugins/premium-addons-for-elementor/assets/editor/fonts/pa-elements157d.ttf]
[atsengg.com/wp-content/plugins/premium-addons-for-elementor/assets/plugins/premium-addons-for-elementor/assets/editor/fonts/pa-elements157d.woff]
[atsengg.com/wp-content/plugins/premium-addons-for-elementor/assets/plugins/premium-addons-for-elementor/assets/editor/fonts/pa-elements157d.svg]
[atsengg.com/wp-content/plugins/premium-addons-for-elementor/assets/frontend/min-css/premium-addons.minac9c.css]
[atsengg.com/wp-includes/css/dist/block-library/style.min4118.css]
[atsengg.com/indexe454.html]
[atsengg.com/wp-content/uploads/essential-addons-elementor/eael-7230904f.css]
[atsengg.com/wp-json/wp/v2/awsm_job_openings/3713.json]
[atsengg.com/wp-json/oembed/1.0/embedcb00.json]
[atsengg.com/wp-json/oembed/1.0/embed72a9]
[atsengg.com/wp-content/uploads/essential-addons-elementor/eael-7230904f.js]
[atsengg.com/jobs/sqa/index.html]
[atsengg.com/wp-content/uploads/essential-addons-elementor/eael-7230cfc3.css]
[atsengg.com/indexee5f.html]
[atsengg.com/wp-content/uploads/essential-addons-elementor/eael-72303fa9.css]
[atsengg.com/wp-content/uploads/elementor/css/post-2439bf6b.css]
[atsengg.com/indexc974.html]
[atsengg.com/wp-content/uploads/essential-addons-elementor/eael-72308dee.css]
[atsengg.com/wp-content/uploads/elementor/css/post-54595df0.css]
[atsengg.com/index6546.html]
[atsengg.com/wp-content/plugins/wp-google-map-plugin/assets/images/nav.html]
[atsengg.com/wp-content/plugins/wp-google-map-plugin/assets/css/fonts/fontawesome-webfont5b62.svg]
[atsengg.com/wp-content/plugins/wp-google-map-plugin/assets/images/select_arrow.html]
[atsengg.com/wp-content/plugins/wp-google-map-plugin/assets/images/facebook.html]
[atsengg.com/wp-content/plugins/wp-google-map-plugin/assets/images/twitter.html]
[atsengg.com/wp-content/plugins/wp-google-map-plugin/assets/images/map.html]
[atsengg.com/wp-content/plugins/wp-google-map-plugin/assets/images/location-icon.html]
[atsengg.com/wp-content/plugins/wp-google-map-plugin/assets/images/arrow.html]
[atsengg.com/wp-content/plugins/revslider/public/assets/fonts/revicons/revicons90c6.svg]
[localhost/det/wordpress/wp-content/themes/porto/porto/images/logo/apple-touch-icon_120x120.png]
[localhost/det/wordpress/wp-content/themes/porto/porto/images/logo/apple-touch-icon_76x76.png]
[localhost/det/wordpress/wp-content/themes/porto/porto/images/logo/apple-touch-icon_152x152.png]
[atsengg.com/indexfa49.html]
[atsengg.com/wp-content/plugins/awesome-support/themes/default/images/loading-spin.svg]
[atsengg.com/wp-content/plugins/awesome-support/themes/default/images/close.svg]
[atsengg.com/wp-admin/images/loading.gif]
[atsengg.com/jobs/index.html]
[atsengg.com/wp-admin/css/forms.min4118.css]
[atsengg.com/wp-admin/css/l10n.min4118.css]
[atsengg.com/wp-admin/images/w-logo-blue7a53.png]
[atsengg.com/wp-admin/images/wordpress-logo7d6b.svg]
[atsengg.com/wp-admin/css/login.min4118.css]
[atsengg.com/wp-content/plugins/login-customizer/src/Customizer/Panel/Assets/CSS/customizer4118.css]
[atsengg.com/wp-includes/js/zxcvbn-async.min5152.js]
[atsengg.com/wp-admin/js/password-strength-meter.min4118.js]
[atsengg.com/ats-login/indexc2b6.html]
[atsengg.com/wp-admin/js/user-profile.min4118.js]
[atsengg.com/ats-login/index.html]
[atsengg.com/ats-login/index0ddc.html]
[atsengg.com/wp-content/plugins/wpforms-lite/assets/pro/images/times-solid-white.html]
[atsengg.com/wp-content/plugins/wpforms-lite/assets/images/cross-inverse.svg]
[atsengg.com/wp-content/plugins/wpforms-lite/assets/images/cross.svg]
[atsengg.com/wp-content/uploads/essential-addons-elementor/eael-72304118.css]
[atsengg.com/wp-content/uploads/essential-addons-elementor/eael-7230e0db.css]
[atsengg.com/index44ea.html]
[atsengg.com/wp-content/uploads/essential-addons-elementor/eael-72305c74.css]
[atsengg.com/wp-content/plugins/ultimate-dashboard/modules/login-customizer/assets/js/login-pagef2b5.js]
[atsengg.com/portfolio/index.html]
[atsengg.com/wp-content/uploads/essential-addons-elementor/eael-72305c74.js]
[atsengg.com/portfolio/feed/index.html]
[atsengg.com/portfolio_cat/hospitals/index.html]
[atsengg.com/wp-content/uploads/essential-addons-elementor/eael-72300df7.css]
[atsengg.com/portfolio/page/2/index.html]
[atsengg.com/portfolio_cat/industrial-fan/index.html]
[atsengg.com/wp-json/wp/v2/portfolio_cat/237.json]
[atsengg.com/portfolio/page/3/index.html]
[atsengg.com/portfolio_cat/solar-solution/feed/index.html]
[atsengg.com/portfolio_cat/net-metering/index.html]
[atsengg.com/portfolio_cat/solar-solution/index.html]
[atsengg.com/wp-content/uploads/essential-addons-elementor/eael-72300df7.js]
[atsengg.com/wp-content/uploads/essential-addons-elementor/eael-72303869.css]
[atsengg.com/portfolio_cat/educational-institutes/feed/index.html]
[atsengg.com/wp-json/wp/v2/portfolio_cat/278.json]
[atsengg.com/portfolio_cat/educational-institutes/index.html]
[atsengg.com/wp-content/uploads/essential-addons-elementor/eael-72303869.js]
[atsengg.com/wp-content/uploads/essential-addons-elementor/eael-7230e13b.css]
[atsengg.com/portfolio/fc9/feed/index.html]
[atsengg.com/wp-json/wp/v2/portfolio/4495.json]
[atsengg.com/wp-json/oembed/1.0/embed9b21.json]
[atsengg.com/wp-json/oembed/1.0/embeda820]
[atsengg.com/wp-content/uploads/porto_placeholders/100x134.jpg]
[atsengg.com/wp-content/uploads/essential-addons-elementor/eael-7230e13b.js]
[atsengg.com/portfolio/fc9/index.html]
[atsengg.com/wp-json/wp/v2/portfolio/4503.json]
[atsengg.com/portfolio/solar-solution-battery/feed/index.html]
[atsengg.com/wp-json/oembed/1.0/embed26e3.json]
[atsengg.com/wp-json/oembed/1.0/embedcd34]
[atsengg.com/wp-content/themes/porto/images/lazy.png]
[atsengg.com/portfolio/solar-solution-battery/index.html]
[atsengg.com/wp-json/wp/v2/portfolio/4505.json]
[atsengg.com/portfolio/net-metering/feed/index.html]
[atsengg.com/wp-json/oembed/1.0/embed8431.json]
[atsengg.com/wp-json/oembed/1.0/embeda799]
[atsengg.com/portfolio/net-metering/index.html]
[atsengg.com/wp-content/uploads/essential-addons-elementor/eael-7230f04e.css]
[atsengg.com/index7618.html]
[atsengg.com/wp-json/wp/v2/portfolio_cat/280.json]
[atsengg.com/portfolio_cat/residential/index.html]
[atsengg.com/portfolio_cat/residential/feed/index.html]
[atsengg.com/wp-json/wp/v2/portfolio/4507.json]
[atsengg.com/portfolio/net-metering1/feed/index.html]
[atsengg.com/wp-json/oembed/1.0/embedafc0.json]
[atsengg.com/wp-json/oembed/1.0/embed4d4b]
[atsengg.com/portfolio/net-metering1/index.html]
[atsengg.com/wp-content/uploads/essential-addons-elementor/eael-7230d7de.css]
[atsengg.com/index56f1.html]
[atsengg.com/portfolio_cat/fuel-station/feed/index.html]
[atsengg.com/wp-json/wp/v2/portfolio_cat/283.json]
[atsengg.com/portfolio_cat/fuel-station/index.html]
[atsengg.com/wp-content/uploads/essential-addons-elementor/eael-7230f961.css]
[atsengg.com/index1eac.html]
[atsengg.com/wp-content/uploads/essential-addons-elementor/eael-723038c4.css]
[atsengg.com/portfolio_cat/ngos/feed/index.html]
[atsengg.com/wp-json/wp/v2/portfolio_cat/282.json]
[atsengg.com/portfolio_cat/ngos/index.html]
[atsengg.com/wp-content/uploads/essential-addons-elementor/eael-723038c4.js]
[atsengg.com/wp-content/uploads/essential-addons-elementor/eael-72305e55.css]
[atsengg.com/portfolio/fc6/feed/index.html]
[atsengg.com/wp-json/wp/v2/portfolio/4489.json]
[atsengg.com/wp-json/oembed/1.0/embed9920.json]
[atsengg.com/wp-json/oembed/1.0/embeda24f]
[atsengg.com/portfolio/fc6/index.html]
[atsengg.com/wp-content/uploads/essential-addons-elementor/eael-72305e55.js]
[atsengg.com/wp-json/wp/v2/portfolio/4491.json]
[atsengg.com/portfolio/fc7/feed/index.html]
[atsengg.com/wp-json/oembed/1.0/embed2398.json]
[atsengg.com/wp-json/oembed/1.0/embed387e]
[atsengg.com/portfolio/fc7/index.html]
[atsengg.com/wp-content/uploads/essential-addons-elementor/eael-72300d15.css]
[atsengg.com/indexbfa2.html]
[atsengg.com/wp-content/uploads/essential-addons-elementor/eael-7230756a.css]
[atsengg.com/portfolio_cat/restaurants/feed/index.html]
[atsengg.com/wp-json/wp/v2/portfolio_cat/281.json]
[atsengg.com/wp-content/uploads/essential-addons-elementor/eael-7230756a.js]
[atsengg.com/portfolio_cat/restaurants/index.html]
[atsengg.com/wp-json/wp/v2/portfolio/4487.json]
[atsengg.com/portfolio/fc5/feed/index.html]
[atsengg.com/wp-json/oembed/1.0/embedf7e0.json]
[atsengg.com/wp-json/oembed/1.0/embedd6c0]
[atsengg.com/wp-content/uploads/porto_placeholders/100x62.jpg]
[atsengg.com/portfolio/fc5/index.html]
[atsengg.com/wp-content/uploads/essential-addons-elementor/eael-7230911e.css]
[atsengg.com/indexf36b.html]
[atsengg.com/wp-content/uploads/essential-addons-elementor/eael-72300f03.css]
[atsengg.com/indexdade.html]
[atsengg.com/wp-content/uploads/essential-addons-elementor/eael-7230d2e6.css]
[atsengg.com/index5e2b.html]
[atsengg.com/wp-content/uploads/essential-addons-elementor/eael-7230d6b1.css]
[atsengg.com/indexe281.html]
[atsengg.com/wp-content/uploads/essential-addons-elementor/eael-7230cdfc.css]
[atsengg.com/wp-json/wp/v2/portfolio/4477]
[atsengg.com/portfolio_cat/fabrication/feed/index.html]
[atsengg.com/wp-json/wp/v2/portfolio_cat/238.json]
[atsengg.com/wp-content/uploads/essential-addons-elementor/eael-7230cdfc.js]
[atsengg.com/portfolio_cat/fabrication/index.html]
[atsengg.com/wp-content/uploads/essential-addons-elementor/eael-72307cea.css]
[atsengg.com/portfolio/fc4-2/feed/index.html]
[atsengg.com/wp-json/wp/v2/portfolio/4485.json]
[atsengg.com/wp-json/oembed/1.0/embed216f.json]
[atsengg.com/portfolio_cat/fabrication/page/2/index.html]
[atsengg.com/wp-json/oembed/1.0/embed8cc5]
[atsengg.com/portfolio/fc4-2/index.html]
[atsengg.com/wp-content/uploads/essential-addons-elementor/eael-72307cea.js]
[atsengg.com/wp-json/wp/v2/portfolio/4497.json]
[atsengg.com/portfolio/fc10/feed/index.html]
[atsengg.com/wp-json/oembed/1.0/embedfa2e]
[atsengg.com/portfolio/fc10/index.html]
[atsengg.com/wp-content/uploads/essential-addons-elementor/eael-7230511e.css]
[atsengg.com/index6bb1.html]
[atsengg.com/wp-content/uploads/essential-addons-elementor/eael-7230c430.css]
[atsengg.com/portfolio/fc8/feed/index.html]
[atsengg.com/wp-json/wp/v2/portfolio/4493.json]
[atsengg.com/wp-json/oembed/1.0/embedcce0.json]
[atsengg.com/wp-json/oembed/1.0/embed2949]
[atsengg.com/wp-content/uploads/porto_placeholders/100x70.jpg]
[atsengg.com/wp-content/uploads/essential-addons-elementor/eael-7230c430.js]
[atsengg.com/portfolio/fc8/index.html]
[atsengg.com/wp-content/uploads/essential-addons-elementor/eael-7230df3e.css]
[atsengg.com/index671c.html]
[atsengg.com/wp-content/uploads/essential-addons-elementor/eael-7230ed32.css]
[atsengg.com/wp-json/oembed/1.0/embed23f1]
[atsengg.com/portfolio_cat/industrial/feed/index.html]
[atsengg.com/wp-json/wp/v2/portfolio_cat/279.json]
[atsengg.com/portfolio_cat/industrial/index.html]
[atsengg.com/wp-content/uploads/essential-addons-elementor/eael-7230ed32.js]
[atsengg.com/wp-content/uploads/essential-addons-elementor/eael-72309ceb.css]
[atsengg.com/portfolio/industrial-fan1/feed/index.html]
[atsengg.com/wp-json/wp/v2/portfolio/4499.json]
[atsengg.com/wp-json/oembed/1.0/embed5fe3.json]
[atsengg.com/wp-json/oembed/1.0/embed11d8]
[atsengg.com/wp-content/uploads/porto_placeholders/100x92.jpg]
[atsengg.com/wp-content/uploads/essential-addons-elementor/eael-72309ceb.js]
[atsengg.com/portfolio/industrial-fan1/index.html]
[atsengg.com/wp-content/uploads/essential-addons-elementor/eael-7230b850.css]
[atsengg.com/index2133.html]
[atsengg.com/wp-json/wp/v2/portfolio/4501.json]
[atsengg.com/portfolio/industrial-fan2/feed/index.html]
[atsengg.com/wp-json/oembed/1.0/embed4741.json]
[atsengg.com/wp-json/oembed/1.0/embedd66f]
[atsengg.com/wp-content/uploads/porto_placeholders/100x137.jpg]
[atsengg.com/portfolio/industrial-fan2/index.html]
[atsengg.com/wp-content/uploads/essential-addons-elementor/eael-72306428.css]
[atsengg.com/feed/index4db8.html]
[atsengg.com/wp-json/wp/v2/media/2397.json]
[atsengg.com/wp-json/oembed/1.0/embed2410.json]
[atsengg.com/wp-content/uploads/2020/11/fabrication.jpg]
[atsengg.com/wp-content/uploads/2020/11/fabrication-300x200.jpg]
[atsengg.com/wp-content/uploads/essential-addons-elementor/eael-72306428.js]
[atsengg.com/fabrication/index.html]
[atsengg.com/wp-content/uploads/essential-addons-elementor/eael-72304bab.css]
[atsengg.com/wp-content/uploads/elementor/css/post-46755cbc.css]
[atsengg.com/wp-json/wp/v2/pages/4675.json]
[atsengg.com/wp-json/oembed/1.0/embed95cd.json]
[atsengg.com/wp-json/oembed/1.0/embedcf27]
[atsengg.com/feedback/index.html]
[atsengg.com/wp-content/uploads/essential-addons-elementor/eael-72304bab.js]
[atsengg.com/wp-content/plugins/premium-addons-for-elementor/assets/editor/fonts/pa-elements157d.svg]
[atsengg.com/wp-content/plugins/premium-addons-for-elementor/assets/plugins/premium-addons-for-elementor/assets/editor/fonts/pa-elements157d.html]
[atsengg.com/wp-content/plugins/premium-addons-for-elementor/assets/plugins/premium-addons-for-elementor/assets/editor/fonts/pa-elements157d-2.html]
[atsengg.com/wp-content/plugins/premium-addons-for-elementor/assets/plugins/premium-addons-for-elementor/assets/editor/fonts/pa-elements157d-3.html]
[atsengg.com/wp-content/plugins/premium-addons-for-elementor/assets/plugins/premium-addons-for-elementor/assets/editor/fonts/pa-elements157d-4.html]
[atsengg.com/wp-content/uploads/essential-addons-elementor/eael-7230904f.css]
[atsengg.com/index521d.html]
[atsengg.com/jobs/index.html]
[localhost/det/wordpress/wp-content/uploads/2020/12/Untitled-7.jpg]
[atsengg.com/wp-admin/images/wordpress-logo7d6b.svg]
[atsengg.com/ats-login/indexc2b6.html]
[atsengg.com/wp-content/uploads/essential-addons-elementor/eael-72305c74.css]
[atsengg.com/jobs/feed/index.html]
[atsengg.com/wp-json/wp/v2/portfolio_cat/277.json]
[atsengg.com/portfolio_cat/hospitals/index.html]
[atsengg.com/portfolio_cat/hospitals/feed/index.html]
[atsengg.com/portfolio_cat/industrial-fan/feed/index.html]
[atsengg.com/wp-json/wp/v2/portfolio_cat/239.json]
[atsengg.com/portfolio_cat/industrial-fan/index.html]
[atsengg.com/wp-json/wp/v2/portfolio_cat/240.json]
[atsengg.com/portfolio_cat/net-metering/index.html]
[atsengg.com/portfolio/page/2/index.html]
[atsengg.com/portfolio/page/3/index.html]
[atsengg.com/wp-content/uploads/essential-addons-elementor/eael-72300df7.css]
[atsengg.com/wp-content/uploads/essential-addons-elementor/eael-72303869.css]
[atsengg.com/wp-content/uploads/essential-addons-elementor/eael-7230e13b.css]
[atsengg.com/index087f.html]
[atsengg.com/index635f.html]
[atsengg.com/index1b88.html]
[atsengg.com/index62d0.html]
[atsengg.com/wp-content/uploads/essential-addons-elementor/eael-723038c4.css]
[atsengg.com/portfolio_cat/net-metering/feed/index.html]
[atsengg.com/wp-content/uploads/essential-addons-elementor/eael-72305e55.css]
[atsengg.com/index77be.html]
[atsengg.com/index8f43.html]
[atsengg.com/wp-content/uploads/essential-addons-elementor/eael-7230756a.css]
[atsengg.com/indexd508.html]
[atsengg.com/wp-content/uploads/essential-addons-elementor/eael-7230cdfc.css]
[atsengg.com/portfolio_cat/fabrication/page/2/index.html]
[atsengg.com/wp-content/uploads/essential-addons-elementor/eael-72307cea.css]
[atsengg.com/indexf38c.html]
[atsengg.com/index0b97.html]
[atsengg.com/wp-content/uploads/essential-addons-elementor/eael-7230c430.css]
[atsengg.com/index3c6d.html]
[atsengg.com/wp-content/uploads/essential-addons-elementor/eael-7230ed32.css]
[atsengg.com/wp-content/uploads/essential-addons-elementor/eael-72309ceb.css]
[atsengg.com/index4f89.html]
[atsengg.com/indexeef1.html]
[atsengg.com/wp-content/uploads/essential-addons-elementor/eael-72306428.css]
[atsengg.com/indexf7ba.html]
[atsengg.com/wp-content/uploads/essential-addons-elementor/eael-72304bab.css]
[atsengg.com/wp-content/uploads/elementor/css/post-46755cbc.css]
[atsengg.com/index73db.html]
[atsengg.com/wp-json/oembed/1.0/embedcd5a]
[atsengg.com/wp-json/oembed/1.0/embeda616]
